::1 - - [29/Jul/2026 19:36:56] "GET /ui_of_forge.html HTTP/1.1" 200 -
::1 - - [29/Jul/2026 19:37:29] "GET /index.html HTTP/1.1" 200 -
::1 - - [29/Jul/2026 19:37:29] "GET /logo/forge-logo.png HTTP/1.1" 200 -
::1 - - [29/Jul/2026 19:37:29] "GET /timer%20background/308c8a80eaad2b694db52a5f8bb075f4.jpg HTTP/1.1" 200 -
::1 - - [29/Jul/2026 19:38:44] "GET /index.html HTTP/1.1" 304 -
::1 - - [29/Jul/2026 19:38:44] "GET /logo/forge-logo.png HTTP/1.1" 304 -
::1 - - [29/Jul/2026 19:38:44] "GET /timer%20background/308c8a80eaad2b694db52a5f8bb075f4.jpg HTTP/1.1" 304 -
::1 - - [29/Jul/2026 19:39:02] "GET /ui_of_forge.html HTTP/1.1" 200 -
::1 - - [29/Jul/2026 19:39:20] "GET /timer%20background/5d0bb1d54efda0c35bf6f54668383716.jpg HTTP/1.1" 200 -
::1 - - [29/Jul/2026 19:39:20] "GET /timer%20background/115b5395deea41fae538f4521788b992.jpg HTTP/1.1" 200 -
::1 - - [29/Jul/2026 19:39:20] "GET /timer%20background/0059e0b39095e2144b54311af1da30ae.jpg HTTP/1.1" 200 -
::1 - - [29/Jul/2026 19:39:20] "GET /timer%20background/254a7ff1cf00167409fb68038f84518f.jpg HTTP/1.1" 200 -
::1 - - [29/Jul/2026 19:39:20] "GET /timer%20background/117e5d7d784a6d58f5c5210916805315.jpg HTTP/1.1" 200 -
::1 - - [29/Jul/2026 19:39:20] "GET /timer%20background/893b85c0d1fd6323b6f89927bb57ee2c.jpg HTTP/1.1" 200 -
::1 - - [29/Jul/2026 19:39:20] "GET /timer%20background/b64471d84f7bc63cb8df76c57144d76d.jpg HTTP/1.1" 200 -
::1 - - [29/Jul/2026 19:44:49] "GET /ui_of_forge.html HTTP/1.1" 304 -
::1 - - [29/Jul/2026 19:44:49] "GET /logo/forge-logo.png HTTP/1.1" 304 -
::1 - - [29/Jul/2026 19:44:49] "GET /timer%20background/308c8a80eaad2b694db52a5f8bb075f4.jpg HTTP/1.1" 304 -
::1 - - [29/Jul/2026 22:58:21] "GET /timer%20background/0059e0b39095e2144b54311af1da30ae.jpg HTTP/1.1" 304 -
::1 - - [29/Jul/2026 22:58:21] "GET /timer%20background/5d0bb1d54efda0c35bf6f54668383716.jpg HTTP/1.1" 304 -
::1 - - [29/Jul/2026 22:58:21] "GET /timer%20background/115b5395deea41fae538f4521788b992.jpg HTTP/1.1" 304 -
::1 - - [29/Jul/2026 22:58:21] "GET /timer%20background/893b85c0d1fd6323b6f89927bb57ee2c.jpg HTTP/1.1" 304 -
::1 - - [29/Jul/2026 22:58:21] "GET /timer%20background/254a7ff1cf00167409fb68038f84518f.jpg HTTP/1.1" 304 -
::1 - - [29/Jul/2026 22:58:21] "GET /timer%20background/117e5d7d784a6d58f5c5210916805315.jpg HTTP/1.1" 304 -
::1 - - [29/Jul/2026 22:58:21] "GET /timer%20background/b64471d84f7bc63cb8df76c57144d76d.jpg HTTP/1.1" 304 -
::1 - - [29/Jul/2026 22:58:43] code 501, message Unsupported method ('POST')
::1 - - [29/Jul/2026 22:58:43] "POST /.netlify/functions/generate-note HTTP/1.1" 501 -
::ffff:127.0.0.1 - - [29/Jul/2026 23:11:59] "GET /ui_of_forge.html HTTP/1.1" 200 -
::ffff:127.0.0.1 - - [29/Jul/2026 23:12:00] "GET /logo/forge-logo.png HTTP/1.1" 304 -
::ffff:127.0.0.1 - - [29/Jul/2026 23:24:03] "GET /ui_of_forge.html HTTP/1.1" 200 -
::1 - - [29/Jul/2026 23:24:04] "GET /timer%20background/254a7ff1cf00167409fb68038f84518f.jpg HTTP/1.1" 304 -
::1 - - [29/Jul/2026 23:27:48] "GET /timer%20background/308c8a80eaad2b694db52a5f8bb075f4.jpg HTTP/1.1" 304 -
::1 - - [29/Jul/2026 23:27:49] "GET /timer%20background/0059e0b39095e2144b54311af1da30ae.jpg HTTP/1.1" 304 -
::1 - - [29/Jul/2026 23:27:49] "GET /timer%20background/115b5395deea41fae538f4521788b992.jpg HTTP/1.1" 304 -
::1 - - [29/Jul/2026 23:27:49] "GET /timer%20background/5d0bb1d54efda0c35bf6f54668383716.jpg HTTP/1.1" 304 -
::1 - - [29/Jul/2026 23:27:49] "GET /timer%20background/117e5d7d784a6d58f5c5210916805315.jpg HTTP/1.1" 304 -
::1 - - [29/Jul/2026 23:27:49] "GET /timer%20background/893b85c0d1fd6323b6f89927bb57ee2c.jpg HTTP/1.1" 304 -
::1 - - [29/Jul/2026 23:27:49] "GET /timer%20background/b64471d84f7bc63cb8df76c57144d76d.jpg HTTP/1.1" 304 -
